../Core/Src/main.c:69:1:__io_putchar	2
../Core/Src/main.c:78:6:smartcar_forward	1
../Core/Src/main.c:90:6:smartcar_right	1
../Core/Src/main.c:101:6:smartcar_left	1
../Core/Src/main.c:112:6:smartcar_backward	1
../Core/Src/main.c:123:6:smartcar_stop	1
../Core/Src/main.c:135:6:HAL_UART_RxCpltCallback	6
../Core/Src/main.c:177:5:main	2
../Core/Src/main.c:280:6:SystemClock_Config	3
../Core/Src/main.c:319:13:MX_USART2_UART_Init	2
../Core/Src/main.c:352:13:MX_GPIO_Init	1
../Core/Src/main.c:411:6:Error_Handler	1
