../Core/Src/main.c:70:1:__io_putchar	16	static
../Core/Src/main.c:79:6:timer_start	8	static
../Core/Src/main.c:84:6:delay_us	16	static
../Core/Src/main.c:90:6:trig_l	8	static
../Core/Src/main.c:96:6:trig_r	8	static
../Core/Src/main.c:104:19:echo_l	16	static
../Core/Src/main.c:115:19:echo_r	16	static
../Core/Src/main.c:135:5:main	16	static
../Core/Src/main.c:224:6:SystemClock_Config	72	static
../Core/Src/main.c:263:13:MX_TIM1_Init	32	static
../Core/Src/main.c:309:13:MX_USART2_UART_Init	8	static
../Core/Src/main.c:342:13:MX_GPIO_Init	40	static
../Core/Src/main.c:410:6:Error_Handler	4	static,ignoring_inline_asm
