../Core/Src/main.c:102:1:__io_putchar	16	static
../Core/Src/main.c:119:10:apply_moving_average_filter	32	static
../Core/Src/main.c:161:9:convert_to_percentage	24	static
../Core/Src/main.c:179:6:process_joystick_data	8	static
../Core/Src/main.c:202:6:HAL_TIM_PeriodElapsedCallback	24	static
../Core/Src/main.c:220:5:main	8	static
../Core/Src/main.c:286:6:SystemClock_Config	88	static
../Core/Src/main.c:332:13:MX_ADC1_Init	24	static
../Core/Src/main.c:388:13:MX_TIM2_Init	32	static
../Core/Src/main.c:433:13:MX_USART2_UART_Init	8	static
../Core/Src/main.c:464:13:MX_DMA_Init	16	static
../Core/Src/main.c:482:13:MX_GPIO_Init	40	static
../Core/Src/main.c:533:6:Error_Handler	4	static,ignoring_inline_asm
