../Core/Src/main.c:96:1:__io_putchar	16	static
../Core/Src/main.c:107:6:I2C_ScanAddresses	16	static
../Core/Src/main.c:130:6:delay_us	24	static
../Core/Src/main.c:136:6:LCD_DATA	32	static
../Core/Src/main.c:151:6:LCD_CMD	32	static
../Core/Src/main.c:165:6:LCD_CMD_4bit	32	static
../Core/Src/main.c:174:6:LCD_INIT	8	static
../Core/Src/main.c:190:6:LCD_XY	16	static
../Core/Src/main.c:198:6:LCD_CLEAR	8	static
../Core/Src/main.c:203:6:LCD_PUTS	16	static
../Core/Src/main.c:212:5:main	8	static
../Core/Src/main.c:266:6:SystemClock_Config	72	static
../Core/Src/main.c:305:13:MX_I2C1_Init	8	static
../Core/Src/main.c:339:13:MX_USART2_UART_Init	8	static
../Core/Src/main.c:372:13:MX_GPIO_Init	40	static
../Core/Src/main.c:418:6:Error_Handler	4	static,ignoring_inline_asm
