../Core/Src/main.c:69:1:__io_putchar	16	static
../Core/Src/main.c:78:6:smartcar_forward	8	static
../Core/Src/main.c:90:6:smartcar_right	8	static
../Core/Src/main.c:101:6:smartcar_left	8	static
../Core/Src/main.c:112:6:smartcar_backward	8	static
../Core/Src/main.c:123:6:smartcar_stop	8	static
../Core/Src/main.c:135:6:HAL_UART_RxCpltCallback	16	static
../Core/Src/main.c:177:5:main	8	static
../Core/Src/main.c:280:6:SystemClock_Config	72	static
../Core/Src/main.c:319:13:MX_USART2_UART_Init	8	static
../Core/Src/main.c:352:13:MX_GPIO_Init	40	static
../Core/Src/main.c:411:6:Error_Handler	4	static,ignoring_inline_asm
