../Core/Src/main.c:68:1:__io_putchar	16	static
../Core/Src/main.c:77:6:smartcar_forward	8	static
../Core/Src/main.c:89:6:smartcar_right	8	static
../Core/Src/main.c:100:6:smartcar_left	8	static
../Core/Src/main.c:111:6:smartcar_backward	8	static
../Core/Src/main.c:122:6:smartcar_stop	8	static
../Core/Src/main.c:141:5:main	16	static
../Core/Src/main.c:238:6:SystemClock_Config	72	static
../Core/Src/main.c:277:13:MX_USART2_UART_Init	8	static
../Core/Src/main.c:310:13:MX_GPIO_Init	40	static
../Core/Src/main.c:369:6:Error_Handler	4	static,ignoring_inline_asm
